{
  "status": "PASS",
  "statusMeaning": "Execution, source fidelity, preservation, and generic product invariants only; not independent agronomic accuracy.",
  "report": "data/personal-domain/climate-boolean-unknown-2026-10-08-v1/location-comparison.json",
  "observedPairs": 42,
  "unchangedDecisionPairs": 42,
  "changedDecisionPairs": 0,
  "metadataDiffCount": 9,
  "diagnosticDiffCount": 147,
  "diagnosticDiffCountsByPath": {
    "/result/derivedOutcomes/systemicHardening/chill/confidence": 21,
    "/result/derivedOutcomes/systemicHardening/chill/enoughForReliableFruit": 21,
    "/result/derivedOutcomes/systemicHardening/chill/required": 21,
    "/result/derivedOutcomes/systemicHardening/evaluatorVersion": 42,
    "/result/derivedOutcomes/systemicHardening/hardeningVersion": 42
  },
  "unexpectedDiagnosticDiffCount": 0,
  "failures": [],
  "summaryByPlant": {
    "date-palm": {
      "pairs": 7,
      "recommendationLevels": {
        "borderline": 5,
        "blocked": 2
      },
      "positiveEligible": 0
    },
    "mango": {
      "pairs": 7,
      "recommendationLevels": {
        "borderline": 5,
        "blocked": 2
      },
      "positiveEligible": 0
    },
    "monstera": {
      "pairs": 7,
      "recommendationLevels": {
        "borderline": 4,
        "blocked": 3
      },
      "positiveEligible": 0
    },
    "bigleaf-hydrangea": {
      "pairs": 7,
      "recommendationLevels": {
        "good": 2,
        "borderline": 5
      },
      "positiveEligible": 2
    },
    "fig": {
      "pairs": 7,
      "recommendationLevels": {
        "good": 3,
        "blocked": 2,
        "borderline": 2
      },
      "positiveEligible": 3
    },
    "lettuce": {
      "pairs": 7,
      "recommendationLevels": {
        "good": 4,
        "borderline": 3
      },
      "positiveEligible": 4
    }
  }
}
(node:28188) ExperimentalWarning: VM Modules is an experimental feature and might change at any time
(Use `node --trace-warnings ...` to show where the warning was created)
